0 verbose cli C:\Program Files\nodejs\node.exe C:\Program Files\nodejs\node_modules\npm\bin\npm-cli.js
1 info using npm@11.11.0
2 info using node@v24.14.1
3 silly config load:file:C:\Program Files\nodejs\node_modules\npm\npmrc
4 silly config load:file:C:\Users\user\Documents\JOSE VISUAL STUDIO\PROYECTOS CARLOS\tuboplast\.npmrc
5 silly config load:file:C:\Users\user\.npmrc
6 silly config load:file:C:\Users\user\AppData\Roaming\npm\etc\npmrc
7 verbose title npm install
8 verbose argv "install" "--ignore-scripts"
9 verbose logfile logs-max:10 dir:C:\Users\user\Documents\JOSE VISUAL STUDIO\PROYECTOS CARLOS\tuboplast\.npm-cache\_logs\2026-06-02T02_12_00_537Z-
10 verbose logfile C:\Users\user\Documents\JOSE VISUAL STUDIO\PROYECTOS CARLOS\tuboplast\.npm-cache\_logs\2026-06-02T02_12_00_537Z-debug-0.log
11 silly logfile done cleaning log files
12 silly packumentCache heap:4496293888 maxSize:1124073472 maxEntrySize:562036736
13 verbose stack Error: Override for axios@^1.6.4 conflicts with direct dependency
13 verbose stack     at Node.assertRootOverrides (C:\Program Files\nodejs\node_modules\npm\node_modules\@npmcli\arborist\lib\node.js:1399:29)
13 verbose stack     at #loadActual (C:\Program Files\nodejs\node_modules\npm\node_modules\@npmcli\arborist\lib\arborist\load-actual.js:120:24)
13 verbose stack     at async Promise.all (index 0)
13 verbose stack     at async Arborist.reify (C:\Program Files\nodejs\node_modules\npm\node_modules\@npmcli\arborist\lib\arborist\reify.js:110:5)
13 verbose stack     at async Install.exec (C:\Program Files\nodejs\node_modules\npm\lib\commands\install.js:152:5)
13 verbose stack     at async Npm.exec (C:\Program Files\nodejs\node_modules\npm\lib\npm.js:209:9)
13 verbose stack     at async module.exports (C:\Program Files\nodejs\node_modules\npm\lib\cli\entry.js:67:5)
14 error code EOVERRIDE
15 error Override for axios@^1.6.4 conflicts with direct dependency
16 silly unfinished npm timer reify 1780366321196
17 silly unfinished npm timer reify:loadTrees 1780366321197
18 silly unfinished npm timer idealTree 1780366321198
19 silly unfinished npm timer idealTree:init 1780366321198
20 verbose cwd C:\Users\user\Documents\JOSE VISUAL STUDIO\PROYECTOS CARLOS\tuboplast
21 verbose os Windows_NT 10.0.26200
22 verbose node v24.14.1
23 verbose npm  v11.11.0
24 verbose exit 1
25 verbose code 1
26 error A complete log of this run can be found in: C:\Users\user\Documents\JOSE VISUAL STUDIO\PROYECTOS CARLOS\tuboplast\.npm-cache\_logs\2026-06-02T02_12_00_537Z-debug-0.log
