0 verbose cli C:\Program Files\nodejs\node.exe C:\Program Files\nodejs\node_modules\npm\bin\npm-cli.js
1 info using npm@11.11.0
2 info using node@v24.14.1
3 silly config load:file:C:\Program Files\nodejs\node_modules\npm\npmrc
4 silly config load:file:C:\Users\user\Documents\JOSE VISUAL STUDIO\PROYECTOS CARLOS\tuboplast\.npmrc
5 silly config load:file:C:\Users\user\.npmrc
6 silly config load:file:C:\Users\user\AppData\Roaming\npm\etc\npmrc
7 verbose title npm install rollup@npm:@rollup/wasm-node@4.61.0
8 verbose argv "install" "--save-dev" "rollup@npm:@rollup/wasm-node@4.61.0"
9 verbose logfile logs-max:10 dir:C:\Users\user\Documents\JOSE VISUAL STUDIO\PROYECTOS CARLOS\tuboplast\.npm-cache\_logs\2026-06-02T02_05_53_023Z-
10 verbose logfile C:\Users\user\Documents\JOSE VISUAL STUDIO\PROYECTOS CARLOS\tuboplast\.npm-cache\_logs\2026-06-02T02_05_53_023Z-debug-0.log
11 silly logfile done cleaning log files
12 silly packumentCache heap:4496293888 maxSize:1124073472 maxEntrySize:562036736
13 silly idealTree buildDeps
14 silly fetch manifest rollup@npm:@rollup/wasm-node@4.61.0
15 silly packumentCache full:https://registry.npmjs.org/@rollup%2fwasm-node cache-miss
16 http fetch GET 200 https://registry.npmjs.org/@rollup%2fwasm-node 633ms (cache revalidated)
17 silly packumentCache full:https://registry.npmjs.org/@rollup%2fwasm-node set size:945735 disposed:false
18 silly placeDep ROOT rollup@4.61.0 REPLACE for:  want: npm:@rollup/wasm-node@4.61.0
19 silly fetch manifest yaml@^2.4.2
20 silly packumentCache full:https://registry.npmjs.org/yaml cache-miss
21 http fetch GET 200 https://registry.npmjs.org/yaml 205ms (cache miss)
22 silly packumentCache full:https://registry.npmjs.org/yaml set size:undefined disposed:false
23 silly placeDep node_modules/tailwindcss yaml@2.9.0 OK for: postcss-load-config@6.0.1 want: ^2.4.2
24 silly reify mark retired [
24 silly reify   'C:\\Users\\user\\Documents\\JOSE VISUAL STUDIO\\PROYECTOS CARLOS\\tuboplast\\node_modules\\@rollup\\rollup-win32-x64-gnu'
24 silly reify ]
25 silly reify mark retired [
25 silly reify   'C:\\Users\\user\\Documents\\JOSE VISUAL STUDIO\\PROYECTOS CARLOS\\tuboplast\\node_modules\\@rollup\\rollup-win32-x64-msvc'
25 silly reify ]
26 silly reify mark retired [
26 silly reify   'C:\\Users\\user\\Documents\\JOSE VISUAL STUDIO\\PROYECTOS CARLOS\\tuboplast\\node_modules\\rollup',
26 silly reify   'C:\\Users\\user\\Documents\\JOSE VISUAL STUDIO\\PROYECTOS CARLOS\\tuboplast\\node_modules\\.bin\\rollup',
26 silly reify   'C:\\Users\\user\\Documents\\JOSE VISUAL STUDIO\\PROYECTOS CARLOS\\tuboplast\\node_modules\\.bin\\rollup.cmd',
26 silly reify   'C:\\Users\\user\\Documents\\JOSE VISUAL STUDIO\\PROYECTOS CARLOS\\tuboplast\\node_modules\\.bin\\rollup.ps1'
26 silly reify ]
27 silly reify moves {
27 silly reify   'C:\\Users\\user\\Documents\\JOSE VISUAL STUDIO\\PROYECTOS CARLOS\\tuboplast\\node_modules\\@rollup\\rollup-win32-x64-gnu': 'C:\\Users\\user\\Documents\\JOSE VISUAL STUDIO\\PROYECTOS CARLOS\\tuboplast\\node_modules\\@rollup\\.rollup-win32-x64-gnu-Uv6YELKM',
27 silly reify   'C:\\Users\\user\\Documents\\JOSE VISUAL STUDIO\\PROYECTOS CARLOS\\tuboplast\\node_modules\\@rollup\\rollup-win32-x64-msvc': 'C:\\Users\\user\\Documents\\JOSE VISUAL STUDIO\\PROYECTOS CARLOS\\tuboplast\\node_modules\\@rollup\\.rollup-win32-x64-msvc-1zQgyRnF',
27 silly reify   'C:\\Users\\user\\Documents\\JOSE VISUAL STUDIO\\PROYECTOS CARLOS\\tuboplast\\node_modules\\rollup': 'C:\\Users\\user\\Documents\\JOSE VISUAL STUDIO\\PROYECTOS CARLOS\\tuboplast\\node_modules\\.rollup-WBNnnyEG',
27 silly reify   'C:\\Users\\user\\Documents\\JOSE VISUAL STUDIO\\PROYECTOS CARLOS\\tuboplast\\node_modules\\.bin\\rollup': 'C:\\Users\\user\\Documents\\JOSE VISUAL STUDIO\\PROYECTOS CARLOS\\tuboplast\\node_modules\\.bin\\.rollup-8Kv1uJdF',
27 silly reify   'C:\\Users\\user\\Documents\\JOSE VISUAL STUDIO\\PROYECTOS CARLOS\\tuboplast\\node_modules\\.bin\\rollup.cmd': 'C:\\Users\\user\\Documents\\JOSE VISUAL STUDIO\\PROYECTOS CARLOS\\tuboplast\\node_modules\\.bin\\.rollup.cmd-kCvadGY0',
27 silly reify   'C:\\Users\\user\\Documents\\JOSE VISUAL STUDIO\\PROYECTOS CARLOS\\tuboplast\\node_modules\\.bin\\rollup.ps1': 'C:\\Users\\user\\Documents\\JOSE VISUAL STUDIO\\PROYECTOS CARLOS\\tuboplast\\node_modules\\.bin\\.rollup.ps1-qGHJeHGZ'
27 silly reify }
28 silly audit bulk request {
28 silly audit   '@alloc/quick-lru': [ '5.2.0' ],
28 silly audit   '@babel/code-frame': [ '7.29.7' ],
28 silly audit   '@babel/compat-data': [ '7.29.7' ],
28 silly audit   '@babel/core': [ '7.29.7' ],
28 silly audit   '@babel/generator': [ '7.29.7' ],
28 silly audit   '@babel/helper-annotate-as-pure': [ '7.29.7' ],
28 silly audit   '@babel/helper-compilation-targets': [ '7.29.7' ],
28 silly audit   '@babel/helper-create-class-features-plugin': [ '7.29.7' ],
28 silly audit   '@babel/helper-create-regexp-features-plugin': [ '7.29.7' ],
28 silly audit   '@babel/helper-define-polyfill-provider': [ '0.6.8' ],
28 silly audit   '@babel/helper-globals': [ '7.29.7' ],
28 silly audit   '@babel/helper-member-expression-to-functions': [ '7.29.7' ],
28 silly audit   '@babel/helper-module-imports': [ '7.29.7' ],
28 silly audit   '@babel/helper-module-transforms': [ '7.29.7' ],
28 silly audit   '@babel/helper-optimise-call-expression': [ '7.29.7' ],
28 silly audit   '@babel/helper-plugin-utils': [ '7.29.7' ],
28 silly audit   '@babel/helper-remap-async-to-generator': [ '7.29.7' ],
28 silly audit   '@babel/helper-replace-supers': [ '7.29.7' ],
28 silly audit   '@babel/helper-skip-transparent-expression-wrappers': [ '7.29.7' ],
28 silly audit   '@babel/helper-string-parser': [ '7.29.7' ],
28 silly audit   '@babel/helper-validator-identifier': [ '7.29.7' ],
28 silly audit   '@babel/helper-validator-option': [ '7.29.7' ],
28 silly audit   '@babel/helper-wrap-function': [ '7.29.7' ],
28 silly audit   '@babel/helpers': [ '7.29.7' ],
28 silly audit   '@babel/parser': [ '7.29.7' ],
28 silly audit   '@babel/plugin-bugfix-firefox-class-in-computed-class-key': [ '7.29.7' ],
28 silly audit   '@babel/plugin-bugfix-safari-class-field-initializer-scope': [ '7.29.7' ],
28 silly audit   '@babel/plugin-bugfix-safari-id-destructuring-collision-in-function-expression': [ '7.29.7' ],
28 silly audit   '@babel/plugin-bugfix-safari-rest-destructuring-rhs-array': [ '7.29.7' ],
28 silly audit   '@babel/plugin-bugfix-v8-spread-parameters-in-optional-chaining': [ '7.29.7' ],
28 silly audit   '@babel/plugin-bugfix-v8-static-class-fields-redefine-readonly': [ '7.29.7' ],
28 silly audit   '@babel/plugin-proposal-object-rest-spread': [ '7.20.7' ],
28 silly audit   '@babel/plugin-proposal-private-property-in-object': [ '7.21.0-placeholder-for-preset-env.2' ],
28 silly audit   '@babel/plugin-syntax-dynamic-import': [ '7.8.3' ],
28 silly audit   '@babel/plugin-syntax-import-assertions': [ '7.29.7' ],
28 silly audit   '@babel/plugin-syntax-import-attributes': [ '7.29.7' ],
28 silly audit   '@babel/plugin-syntax-object-rest-spread': [ '7.8.3' ],
28 silly audit   '@babel/plugin-syntax-unicode-sets-regex': [ '7.18.6' ],
28 silly audit   '@babel/plugin-transform-arrow-functions': [ '7.29.7' ],
28 silly audit   '@babel/plugin-transform-async-generator-functions': [ '7.29.7' ],
28 silly audit   '@babel/plugin-transform-async-to-generator': [ '7.29.7' ],
28 silly audit   '@babel/plugin-transform-block-scoped-functions': [ '7.29.7' ],
28 silly audit   '@babel/plugin-transform-block-scoping': [ '7.29.7' ],
28 silly audit   '@babel/plugin-transform-class-properties': [ '7.29.7' ],
28 silly audit   '@babel/plugin-transform-class-static-block': [ '7.29.7' ],
28 silly audit   '@babel/plugin-transform-classes': [ '7.29.7' ],
28 silly audit   '@babel/plugin-transform-computed-properties': [ '7.29.7' ],
28 silly audit   '@babel/plugin-transform-destructuring': [ '7.29.7' ],
28 silly audit   '@babel/plugin-transform-dotall-regex': [ '7.29.7' ],
28 silly audit   '@babel/plugin-transform-duplicate-keys': [ '7.29.7' ],
28 silly audit   '@babel/plugin-transform-duplicate-named-capturing-groups-regex': [ '7.29.7' ],
28 silly audit   '@babel/plugin-transform-dynamic-import': [ '7.29.7' ],
28 silly audit   '@babel/plugin-transform-explicit-resource-management': [ '7.29.7' ],
28 silly audit   '@babel/plugin-transform-exponentiation-operator': [ '7.29.7' ],
28 silly audit   '@babel/plugin-transform-export-namespace-from': [ '7.29.7' ],
28 silly audit   '@babel/plugin-transform-for-of': [ '7.29.7' ],
28 silly audit   '@babel/plugin-transform-function-name': [ '7.29.7' ],
28 silly audit   '@babel/plugin-transform-json-strings': [ '7.29.7' ],
28 silly audit   '@babel/plugin-transform-literals': [ '7.29.7' ],
28 silly audit   '@babel/plugin-transform-logical-assignment-operators': [ '7.29.7' ],
28 silly audit   '@babel/plugin-transform-member-expression-literals': [ '7.29.7' ],
28 silly audit   '@babel/plugin-transform-modules-amd': [ '7.29.7' ],
28 silly audit   '@babel/plugin-transform-modules-commonjs': [ '7.29.7' ],
28 silly audit   '@babel/plugin-transform-modules-systemjs': [ '7.29.7' ],
28 silly audit   '@babel/plugin-transform-modules-umd': [ '7.29.7' ],
28 silly audit   '@babel/plugin-transform-named-capturing-groups-regex': [ '7.29.7' ],
28 silly audit   '@babel/plugin-transform-new-target': [ '7.29.7' ],
28 silly audit   '@babel/plugin-transform-nullish-coalescing-operator': [ '7.29.7' ],
28 silly audit   '@babel/plugin-transform-numeric-separator': [ '7.29.7' ],
28 silly audit   '@babel/plugin-transform-object-rest-spread': [ '7.29.7' ],
28 silly audit   '@babel/plugin-transform-object-super': [ '7.29.7' ],
28 silly audit   '@babel/plugin-transform-optional-catch-binding': [ '7.29.7' ],
28 silly audit   '@babel/plugin-transform-optional-chaining': [ '7.29.7' ],
28 silly audit   '@babel/plugin-transform-parameters': [ '7.29.7' ],
28 silly audit   '@babel/plugin-transform-private-methods': [ '7.29.7' ],
28 silly audit   '@babel/plugin-transform-private-property-in-object': [ '7.29.7' ],
28 silly audit   '@babel/plugin-transform-property-literals': [ '7.29.7' ],
28 silly audit   '@babel/plugin-transform-react-jsx-self': [ '7.29.7' ],
28 silly audit   '@babel/plugin-transform-react-jsx-source': [ '7.29.7' ],
28 silly audit   '@babel/plugin-transform-regenerator': [ '7.29.7' ],
28 silly audit   '@babel/plugin-transform-regexp-modifiers': [ '7.29.7' ],
28 silly audit   '@babel/plugin-transform-reserved-words': [ '7.29.7' ],
28 silly audit   '@babel/plugin-transform-runtime': [ '7.29.7' ],
28 silly audit   '@babel/plugin-transform-shorthand-properties': [ '7.29.7' ],
28 silly audit   '@babel/plugin-transform-spread': [ '7.29.7' ],
28 silly audit   '@babel/plugin-transform-sticky-regex': [ '7.29.7' ],
28 silly audit   '@babel/plugin-transform-template-literals': [ '7.29.7' ],
28 silly audit   '@babel/plugin-transform-typeof-symbol': [ '7.29.7' ],
28 silly audit   '@babel/plugin-transform-unicode-escapes': [ '7.29.7' ],
28 silly audit   '@babel/plugin-transform-unicode-property-regex': [ '7.29.7' ],
28 silly audit   '@babel/plugin-transform-unicode-regex': [ '7.29.7' ],
28 silly audit   '@babel/plugin-transform-unicode-sets-regex': [ '7.29.7' ],
28 silly audit   '@babel/preset-env': [ '7.29.7' ],
28 silly audit   'babel-plugin-polyfill-corejs3': [ '0.14.2', '0.13.0' ],
28 silly audit   '@babel/preset-modules': [ '0.1.6-no-external-plugins' ],
28 silly audit   '@babel/runtime': [ '7.29.7' ],
28 silly audit   '@babel/template': [ '7.29.7' ],
28 silly audit   '@babel/traverse': [ '7.29.7' ],
28 silly audit   '@babel/types': [ '7.29.7' ],
28 silly audit   '@colors/colors': [ '1.5.0' ],
28 silly audit   '@discoveryjs/json-ext': [ '0.5.7' ],
28 silly audit   '@esbuild/aix-ppc64': [ '0.21.5' ],
28 silly audit   '@esbuild/android-arm': [ '0.21.5' ],
28 silly audit   '@esbuild/android-arm64': [ '0.21.5' ],
28 silly audit   '@esbuild/android-x64': [ '0.21.5' ],
28 silly audit   '@esbuild/darwin-arm64': [ '0.21.5' ],
28 silly audit   '@esbuild/darwin-x64': [ '0.21.5' ],
28 silly audit   '@esbuild/freebsd-arm64': [ '0.21.5' ],
28 silly audit   '@esbuild/freebsd-x64': [ '0.21.5' ],
28 silly audit   '@esbuild/linux-arm': [ '0.21.5' ],
28 silly audit   '@esbuild/linux-arm64': [ '0.21.5' ],
28 silly audit   '@esbuild/linux-ia32': [ '0.21.5' ],
28 silly audit   '@esbuild/linux-loong64': [ '0.21.5' ],
28 silly audit   '@esbuild/linux-mips64el': [ '0.21.5' ],
28 silly audit   '@esbuild/linux-ppc64': [ '0.21.5' ],
28 silly audit   '@esbuild/linux-riscv64': [ '0.21.5' ],
28 silly audit   '@esbuild/linux-s390x': [ '0.21.5' ],
28 silly audit   '@esbuild/linux-x64': [ '0.21.5' ],
28 silly audit   '@esbuild/netbsd-x64': [ '0.21.5' ],
28 silly audit   '@esbuild/openbsd-x64': [ '0.21.5' ],
28 silly audit   '@esbuild/sunos-x64': [ '0.21.5' ],
28 silly audit   '@esbuild/win32-arm64': [ '0.21.5' ],
28 silly audit   '@esbuild/win32-ia32': [ '0.21.5' ],
28 silly audit   '@esbuild/win32-x64': [ '0.21.5' ],
28 silly audit   '@gsap/react': [ '2.1.2' ],
28 silly audit   '@inertiajs/core': [ '1.3.0' ],
28 silly audit   '@inertiajs/react': [ '1.3.0' ],
28 silly audit   '@jridgewell/gen-mapping': [ '0.3.13' ],
28 silly audit   '@jridgewell/remapping': [ '2.3.5' ],
28 silly audit   '@jridgewell/resolve-uri': [ '3.1.2' ],
28 silly audit   '@jridgewell/source-map': [ '0.3.11' ],
28 silly audit   '@jridgewell/sourcemap-codec': [ '1.5.5' ],
28 silly audit   '@jridgewell/trace-mapping': [ '0.3.31' ],
28 silly audit   '@kurkle/color': [ '0.3.4' ],
28 silly audit   '@leichtgewicht/ip-codec': [ '2.0.5' ],
28 silly audit   '@nodelib/fs.scandir': [ '2.1.5' ],
28 silly audit   '@nodelib/fs.stat': [ '2.0.5' ],
28 silly audit   '@nodelib/fs.walk': [ '1.2.8' ],
28 silly audit   '@popperjs/core': [ '2.11.8' ],
28 silly audit   '@rolldown/pluginutils': [ '1.0.0-beta.27' ],
28 silly audit   '@rollup/wasm-node': [ '4.61.0' ],
28 silly audit   '@socket.io/component-emitter': [ '3.1.2' ],
28 silly audit   '@tippyjs/react': [ '4.2.6' ],
28 silly audit   '@types/babel__core': [ '7.20.5' ],
28 silly audit   '@types/babel__generator': [ '7.27.0' ],
28 silly audit   '@types/babel__template': [ '7.4.4' ],
28 silly audit   '@types/babel__traverse': [ '7.28.0' ],
28 silly audit   '@types/body-parser': [ '1.19.6' ],
28 silly audit   '@types/bonjour': [ '3.5.13' ],
28 silly audit   '@types/clean-css': [ '4.2.11' ],
28 silly audit   '@types/connect': [ '3.4.38' ],
28 silly audit   '@types/connect-history-api-fallback': [ '1.5.4' ],
28 silly audit   '@types/estree': [ '1.0.9' ],
28 silly audit   '@types/express': [ '4.17.25' ],
28 silly audit   '@types/express-serve-static-core': [ '5.1.1', '4.19.8' ],
28 silly audit   '@types/glob': [ '7.2.0' ],
28 silly audit   '@types/http-errors': [ '2.0.5' ],
28 silly audit   '@types/http-proxy': [ '1.17.17' ],
28 silly audit   '@types/imagemin': [ '9.0.1' ],
28 silly audit   '@types/imagemin-gifsicle': [ '7.0.4' ],
28 silly audit   '@types/imagemin-mozjpeg': [ '8.0.4' ],
28 silly audit   '@types/imagemin-optipng': [ '5.2.4' ],
28 silly audit   '@types/imagemin-svgo': [ '8.0.1' ],
28 silly audit   '@types/json-schema': [ '7.0.15' ],
28 silly audit   '@types/mime': [ '1.3.5' ],
28 silly audit   '@types/minimatch': [ '5.1.2' ],
28 silly audit   '@types/node': [ '25.9.1' ],
28 silly audit   '@types/node-forge': [ '1.3.14' ],
28 silly audit   '@types/parse-json': [ '4.0.2' ],
28 silly audit   '@types/qs': [ '6.15.1' ],
28 silly audit   '@types/range-parser': [ '1.2.7' ],
28 silly audit   '@types/retry': [ '0.12.0' ],
28 silly audit   '@types/send': [ '1.2.1', '0.17.6' ],
28 silly audit   '@types/serve-index': [ '1.9.4' ],
28 silly audit   '@types/serve-static': [ '1.15.10' ],
28 silly audit   '@types/sockjs': [ '0.3.36' ],
28 silly audit   '@types/svgo': [ '1.3.6' ],
28 silly audit   '@types/ws': [ '8.18.1' ],
28 silly audit   '@vitejs/plugin-react': [ '4.7.0' ],
28 silly audit   '@webassemblyjs/ast': [ '1.14.1' ],
28 silly audit   '@webassemblyjs/floating-point-hex-parser': [ '1.13.2' ],
28 silly audit   '@webassemblyjs/helper-api-error': [ '1.13.2' ],
28 silly audit   '@webassemblyjs/helper-buffer': [ '1.14.1' ],
28 silly audit   '@webassemblyjs/helper-numbers': [ '1.13.2' ],
28 silly audit   '@webassemblyjs/helper-wasm-bytecode': [ '1.13.2' ],
28 silly audit   '@webassemblyjs/helper-wasm-section': [ '1.14.1' ],
28 silly audit   '@webassemblyjs/ieee754': [ '1.13.2' ],
28 silly audit   '@webassemblyjs/leb128': [ '1.13.2' ],
28 silly audit   '@webassemblyjs/utf8': [ '1.13.2' ],
28 silly audit   '@webassemblyjs/wasm-edit': [ '1.14.1' ],
28 silly audit   '@webassemblyjs/wasm-gen': [ '1.14.1' ],
28 silly audit   '@webassemblyjs/wasm-opt': [ '1.14.1' ],
28 silly audit   '@webassemblyjs/wasm-parser': [ '1.14.1' ],
28 silly audit   '@webassemblyjs/wast-printer': [ '1.14.1' ],
28 silly audit   '@webpack-cli/configtest': [ '1.2.0' ],
28 silly audit   '@webpack-cli/info': [ '1.5.0' ],
28 silly audit   '@webpack-cli/serve': [ '1.7.0' ],
28 silly audit   '@xtuc/ieee754': [ '1.2.0' ],
28 silly audit   '@xtuc/long': [ '4.2.2' ],
28 silly audit   accepts: [ '1.3.8' ],
28 silly audit   negotiator: [ '0.6.3', '0.6.4' ],
28 silly audit   acorn: [ '8.16.0' ],
28 silly audit   'acorn-import-phases': [ '1.0.4' ],
28 silly audit   'agent-base': [ '6.0.2' ],
28 silly audit   ajv: [ '6.15.0', '8.20.0' ],
28 silly audit   'ajv-formats': [ '2.1.1' ],
28 silly audit   'json-schema-traverse': [ '1.0.0', '0.4.1' ],
28 silly audit   'ajv-keywords': [ '3.5.2', '5.1.0' ],
28 silly audit   'ansi-html-community': [ '0.0.8' ],
28 silly audit   'ansi-regex': [ '5.0.1' ],
28 silly audit   'ansi-styles': [ '4.3.0' ],
28 silly audit   'any-promise': [ '1.3.0' ],
28 silly audit   anymatch: [ '3.1.3' ],
28 silly audit   arg: [ '5.0.2' ],
28 silly audit   'array-flatten': [ '1.1.1' ],
28 silly audit   'array-union': [ '2.1.0' ],
28 silly audit   'asn1.js': [ '4.10.1' ],
28 silly audit   'bn.js': [ '4.12.3', '5.2.3' ],
28 silly audit   assert: [ '1.5.1' ],
28 silly audit   inherits: [ '2.0.3', '2.0.4' ],
28 silly audit   util: [ '0.10.4', '0.11.1' ],
28 silly audit   asynckit: [ '0.4.0' ],
28 silly audit   autoprefixer: [ '10.5.0' ],
28 silly audit   'available-typed-arrays': [ '1.0.7' ],
28 silly audit   axios: [ '1.16.1' ],
28 silly audit   'babel-loader': [ '8.4.1' ],
28 silly audit   'babel-plugin-polyfill-corejs2': [ '0.4.17' ],
28 silly audit   'babel-plugin-polyfill-regenerator': [ '0.6.8' ],
28 silly audit   'balanced-match': [ '1.0.2' ],
28 silly audit   'base64-js': [ '1.5.1' ],
28 silly audit   'baseline-browser-mapping': [ '2.10.33' ],
28 silly audit   batch: [ '0.6.1' ],
28 silly audit   'big.js': [ '5.2.2' ],
28 silly audit   'binary-extensions': [ '2.3.0' ],
28 silly audit   'body-parser': [ '1.20.5' ],
28 silly audit   debug: [ '2.6.9', '4.4.3' ],
28 silly audit   ms: [ '2.0.0', '2.1.3' ],
28 silly audit   'bonjour-service': [ '1.4.0' ],
28 silly audit   boolbase: [ '1.0.0' ],
28 silly audit   'brace-expansion': [ '1.1.15' ],
28 silly audit   braces: [ '3.0.3' ],
28 silly audit   brorand: [ '1.1.0' ],
28 silly audit   'browserify-aes': [ '1.2.0' ],
28 silly audit   'browserify-cipher': [ '1.0.1' ],
28 silly audit   'browserify-des': [ '1.0.2' ],
28 silly audit   'browserify-rsa': [ '4.1.1' ],
28 silly audit   'browserify-sign': [ '4.2.6' ],
28 silly audit   'browserify-zlib': [ '0.2.0' ],
28 silly audit   browserslist: [ '4.28.2' ],
28 silly audit   buffer: [ '4.9.2' ],
28 silly audit   'buffer-from': [ '1.1.2' ],
28 silly audit   'buffer-xor': [ '1.0.3' ],
28 silly audit   'builtin-status-codes': [ '3.0.0' ],
28 silly audit   bytes: [ '3.1.2' ],
28 silly audit   'call-bind': [ '1.0.9' ],
28 silly audit   'call-bind-apply-helpers': [ '1.0.2' ],
28 silly audit   'call-bound': [ '1.0.4' ],
28 silly audit   callsites: [ '3.1.0' ],
28 silly audit   'camel-case': [ '4.1.2' ],
28 silly audit   'camelcase-css': [ '2.0.1' ],
28 silly audit   'caniuse-api': [ '3.0.0' ],
28 silly audit   'caniuse-lite': [ '1.0.30001793' ],
28 silly audit   chalk: [ '4.1.2' ],
28 silly audit   charenc: [ '0.0.2' ],
28 silly audit   'chart.js': [ '4.5.1' ],
28 silly audit   chokidar: [ '3.6.0' ],
28 silly audit   'chrome-trace-event': [ '1.0.4' ],
28 silly audit   'cipher-base': [ '1.0.7' ],
28 silly audit   'clean-css': [ '5.3.3', '4.2.4' ],
28 silly audit   'cli-table3': [ '0.6.5' ],
28 silly audit   cliui: [ '8.0.1' ],
28 silly audit   'clone-deep': [ '4.0.1' ],
28 silly audit   'collect.js': [ '4.36.1' ],
28 silly audit   'color-convert': [ '2.0.1' ],
28 silly audit   'color-name': [ '1.1.4' ],
28 silly audit   colord: [ '2.9.3' ],
28 silly audit   colorette: [ '2.0.20' ],
28 silly audit   'combined-stream': [ '1.0.8' ],
28 silly audit   commander: [ '7.2.0', '2.20.3', '4.1.1' ],
28 silly audit   commondir: [ '1.0.1' ],
28 silly audit   compressible: [ '2.0.18' ],
28 silly audit   compression: [ '1.8.1' ],
28 silly audit   concat: [ '1.0.3' ],
28 silly audit   'concat-map': [ '0.0.1' ],
28 silly audit   'connect-history-api-fallback': [ '2.0.0' ],
28 silly audit   consola: [ '2.15.3' ],
28 silly audit   'console-browserify': [ '1.2.0' ],
28 silly audit   'constants-browserify': [ '1.0.0' ],
28 silly audit   'content-disposition': [ '0.5.4' ],
28 silly audit   'content-type': [ '1.0.5' ],
28 silly audit   'convert-source-map': [ '2.0.0' ],
28 silly audit   cookie: [ '0.7.2' ],
28 silly audit   'cookie-signature': [ '1.0.7' ],
28 silly audit   'core-js-compat': [ '3.49.0' ],
28 silly audit   'core-util-is': [ '1.0.3' ],
28 silly audit   cosmiconfig: [ '7.1.0' ],
28 silly audit   'create-ecdh': [ '4.0.4' ],
28 silly audit   'create-hash': [ '1.2.0' ],
28 silly audit   'create-hmac': [ '1.1.7' ],
28 silly audit   'cross-spawn': [ '7.0.6' ],
28 silly audit   crypt: [ '0.0.2' ],
28 silly audit   'crypto-browserify': [ '3.12.1' ],
28 silly audit   'crypto-js': [ '4.2.0' ],
28 silly audit   'css-declaration-sorter': [ '6.4.1' ],
28 silly audit   'css-loader': [ '5.2.7' ],
28 silly audit   'schema-utils': [ '3.3.0', '2.7.1', '4.3.3' ],
28 silly audit   semver: [ '7.8.1', '6.3.1' ],
28 silly audit   'css-select': [ '4.3.0' ],
28 silly audit   domhandler: [ '4.3.1', '3.3.0' ],
28 silly audit   'css-tree': [ '1.1.3' ],
28 silly audit   'css-what': [ '6.2.2' ],
28 silly audit   cssesc: [ '3.0.0' ],
28 silly audit   cssnano: [ '5.1.15' ],
28 silly audit   'cssnano-preset-default': [ '5.2.14' ],
28 silly audit   'cssnano-utils': [ '3.1.0' ],
28 silly audit   csso: [ '4.2.0' ],
28 silly audit   deepmerge: [ '4.3.1' ],
28 silly audit   'default-gateway': [ '6.0.3' ],
28 silly audit   'define-data-property': [ '1.1.4' ],
28 silly audit   'define-lazy-prop': [ '2.0.0' ],
28 silly audit   'define-properties': [ '1.2.1' ],
28 silly audit   'delayed-stream': [ '1.0.0' ],
28 silly audit   depd: [ '2.0.0', '1.1.2' ],
28 silly audit   'des.js': [ '1.1.0' ],
28 silly audit   destroy: [ '1.2.0' ],
28 silly audit   'detect-node': [ '2.1.0' ],
28 silly audit   didyoumean: [ '1.2.2' ],
28 silly audit   'diffie-hellman': [ '5.0.3' ],
28 silly audit   'dir-glob': [ '3.0.1' ],
28 silly audit   dlv: [ '1.1.3' ],
28 silly audit   'dns-packet': [ '5.6.1' ],
28 silly audit   'dom-serializer': [ '1.4.1' ],
28 silly audit   'domain-browser': [ '1.2.0' ],
28 silly audit   domelementtype: [ '2.3.0' ],
28 silly audit   domutils: [ '2.8.0' ],
28 silly audit   'dot-case': [ '3.0.4' ],
28 silly audit   dotenv: [ '10.0.0' ],
28 silly audit   'dotenv-expand': [ '5.1.0' ],
28 silly audit   'dunder-proto': [ '1.0.1' ],
28 silly audit   'ee-first': [ '1.1.1' ],
28 silly audit   'electron-to-chromium': [ '1.5.364' ],
28 silly audit   elliptic: [ '6.6.1' ],
28 silly audit   'emoji-regex': [ '8.0.0' ],
28 silly audit   'emojis-list': [ '3.0.0' ],
28 silly audit   encodeurl: [ '2.0.0' ],
28 silly audit   'engine.io-client': [ '6.6.5' ],
28 silly audit   'engine.io-parser': [ '5.2.3' ],
28 silly audit   'enhanced-resolve': [ '5.22.1' ],
28 silly audit   entities: [ '2.2.0' ],
28 silly audit   envinfo: [ '7.21.0' ],
28 silly audit   'error-ex': [ '1.3.4' ],
28 silly audit   'es-define-property': [ '1.0.1' ],
28 silly audit   'es-errors': [ '1.3.0' ],
28 silly audit   'es-module-lexer': [ '2.1.0' ],
28 silly audit   'es-object-atoms': [ '1.1.2' ],
28 silly audit   'es-set-tostringtag': [ '2.1.0' ],
28 silly audit   esbuild: [ '0.21.5' ],
28 silly audit   escalade: [ '3.2.0' ],
28 silly audit   'escape-html': [ '1.0.3' ],
28 silly audit   'eslint-scope': [ '5.1.1' ],
28 silly audit   esrecurse: [ '4.3.0' ],
28 silly audit   estraverse: [ '5.3.0', '4.3.0' ],
28 silly audit   esutils: [ '2.0.3' ],
28 silly audit   etag: [ '1.8.1' ],
28 silly audit   eventemitter3: [ '4.0.7' ],
28 silly audit   events: [ '3.3.0' ],
28 silly audit   evp_bytestokey: [ '1.0.3' ],
28 silly audit   execa: [ '5.1.1' ],
28 silly audit   exenv: [ '1.2.2' ],
28 silly audit   express: [ '4.22.2' ],
28 silly audit   'fast-deep-equal': [ '3.1.3' ],
28 silly audit   'fast-glob': [ '3.3.3' ],
28 silly audit   'fast-json-stable-stringify': [ '2.1.0' ],
28 silly audit   'fast-uri': [ '3.1.2' ],
28 silly audit   'fastest-levenshtein': [ '1.0.16' ],
28 silly audit   fastq: [ '1.20.1' ],
28 silly audit   'faye-websocket': [ '0.11.4' ],
28 silly audit   'file-loader': [ '6.2.0' ],
28 silly audit   'file-type': [ '12.4.2' ],
28 silly audit   'fill-range': [ '7.1.1' ],
28 silly audit   finalhandler: [ '1.3.2' ],
28 silly audit   'find-cache-dir': [ '3.3.2' ],
28 silly audit   'find-up': [ '4.1.0' ],
28 silly audit   flat: [ '5.0.2' ],
28 silly audit   'follow-redirects': [ '1.16.0' ],
28 silly audit   'for-each': [ '0.3.5' ],
28 silly audit   'form-data': [ '4.0.5' ],
28 silly audit   forwarded: [ '0.2.0' ],
28 silly audit   'fraction.js': [ '5.3.4' ],
28 silly audit   fresh: [ '0.5.2' ],
28 silly audit   'fs-extra': [ '10.1.0' ],
28 silly audit   'fs-monkey': [ '1.1.0' ],
28 silly audit   'fs.realpath': [ '1.0.0' ],
28 silly audit   fsevents: [ '2.3.3' ],
28 silly audit   'function-bind': [ '1.1.2' ],
28 silly audit   gensync: [ '1.0.0-beta.2' ],
28 silly audit   'get-caller-file': [ '2.0.5' ],
28 silly audit   'get-intrinsic': [ '1.3.0' ],
28 silly audit   'get-proto': [ '1.0.1' ],
28 silly audit   'get-stream': [ '6.0.1' ],
28 silly audit   glob: [ '7.2.3' ],
28 silly audit   'glob-parent': [ '5.1.2', '6.0.2' ],
28 silly audit   'glob-to-regexp': [ '0.4.1' ],
28 silly audit   globby: [ '10.0.2' ],
28 silly audit   gopd: [ '1.2.0' ],
28 silly audit   'graceful-fs': [ '4.2.11' ],
28 silly audit   growly: [ '1.3.0' ],
28 silly audit   gsap: [ '3.15.0' ],
28 silly audit   'handle-thing': [ '2.0.1' ],
28 silly audit   'has-flag': [ '4.0.0' ],
28 silly audit   'has-property-descriptors': [ '1.0.2' ],
28 silly audit   'has-symbols': [ '1.1.0' ],
28 silly audit   'has-tostringtag': [ '1.0.2' ],
28 silly audit   'hash-base': [ '3.0.5', '3.1.2' ],
28 silly audit   'hash-sum': [ '1.0.2' ],
28 silly audit   'hash.js': [ '1.1.7' ],
28 silly audit   hasown: [ '2.0.4' ],
28 silly audit   he: [ '1.2.0' ],
28 silly audit   'hmac-drbg': [ '1.0.1' ],
28 silly audit   'hoist-non-react-statics': [ '3.3.2' ],
28 silly audit   'hpack.js': [ '2.1.6' ],
28 silly audit   'html-entities': [ '2.6.0' ],
28 silly audit   'html-loader': [ '1.3.2' ],
28 silly audit   'html-minifier-terser': [ '5.1.1' ],
28 silly audit   terser: [ '4.8.1', '5.48.0' ],
28 silly audit   htmlparser2: [ '4.1.0' ],
28 silly audit   'http-deceiver': [ '1.2.7' ],
28 silly audit   'http-errors': [ '2.0.1', '1.8.1' ],
28 silly audit   'http-parser-js': [ '0.5.10' ],
28 silly audit   'http-proxy': [ '1.18.1' ],
28 silly audit   'http-proxy-middleware': [ '2.0.9' ],
28 silly audit   'https-browserify': [ '1.0.0' ],
28 silly audit   'https-proxy-agent': [ '5.0.1' ],
28 silly audit   'human-signals': [ '2.1.0' ],
28 silly audit   'iconv-lite': [ '0.4.24' ],
28 silly audit   'icss-utils': [ '5.1.0' ],
28 silly audit   ieee754: [ '1.2.1' ],
28 silly audit   ignore: [ '5.3.2' ],
28 silly audit   imagemin: [ '7.0.1' ],
28 silly audit   'img-loader': [ '4.0.0' ],
28 silly audit   json5: [ '1.0.2', '2.2.3' ],
28 silly audit   'loader-utils': [ '1.4.2', '2.0.4' ],
28 silly audit   'import-fresh': [ '3.3.1' ],
28 silly audit   'import-local': [ '3.2.0' ],
28 silly audit   inflight: [ '1.0.6' ],
28 silly audit   interpret: [ '2.2.0' ],
28 silly audit   'ipaddr.js': [ '2.4.0', '1.9.1' ],
28 silly audit   'is-arrayish': [ '0.2.1' ],
28 silly audit   'is-binary-path': [ '2.1.0' ],
28 silly audit   'is-buffer': [ '1.1.6' ],
28 silly audit   'is-callable': [ '1.2.7' ],
28 silly audit   'is-core-module': [ '2.16.2' ],
28 silly audit   'is-docker': [ '2.2.1' ],
28 silly audit   'is-extglob': [ '2.1.1' ],
28 silly audit   'is-fullwidth-code-point': [ '3.0.0' ],
28 silly audit   'is-glob': [ '4.0.3' ],
28 silly audit   'is-number': [ '7.0.0' ],
28 silly audit   'is-plain-obj': [ '3.0.0' ],
28 silly audit   'is-plain-object': [ '2.0.4' ],
28 silly audit   'is-stream': [ '2.0.1' ],
28 silly audit   'is-typed-array': [ '1.1.15' ],
28 silly audit   'is-wsl': [ '2.2.0' ],
28 silly audit   isarray: [ '1.0.0', '2.0.5' ],
28 silly audit   isexe: [ '2.0.0' ],
28 silly audit   isobject: [ '3.0.1' ],
28 silly audit   'jest-worker': [ '27.5.1' ],
28 silly audit   'supports-color': [ '8.1.1', '7.2.0' ],
28 silly audit   jiti: [ '1.21.7' ],
28 silly audit   jquery: [ '3.7.1' ],
28 silly audit   'js-tokens': [ '4.0.0' ],
28 silly audit   jsencrypt: [ '3.5.4' ],
28 silly audit   jsesc: [ '3.1.0' ],
28 silly audit   'json-parse-even-better-errors': [ '2.3.1' ],
28 silly audit   jsonfile: [ '6.2.1' ],
28 silly audit   junk: [ '3.1.0' ],
28 silly audit   'kind-of': [ '6.0.3' ],
28 silly audit   klona: [ '2.0.6' ],
28 silly audit   'laravel-mix': [ '6.0.49' ],
28 silly audit   'laravel-vite-plugin': [ '1.3.0' ],
28 silly audit   'launch-editor': [ '2.14.1' ],
28 silly audit   lilconfig: [ '2.1.0', '3.1.3' ],
28 silly audit   'lines-and-columns': [ '1.2.4' ],
28 silly audit   'loader-runner': [ '4.3.2' ],
28 silly audit   'locate-path': [ '5.0.0' ],
28 silly audit   lodash: [ '4.18.1' ],
28 silly audit   'lodash.debounce': [ '4.0.8' ],
28 silly audit   'lodash.isequal': [ '4.5.0' ],
28 silly audit   'lodash.memoize': [ '4.1.2' ],
28 silly audit   'lodash.uniq': [ '4.5.0' ],
28 silly audit   'loose-envify': [ '1.4.0' ],
28 silly audit   'lower-case': [ '2.0.2' ],
28 silly audit   'lru-cache': [ '5.1.1' ],
28 silly audit   'lucide-react': [ '0.577.0' ],
28 silly audit   'make-dir': [ '3.1.0' ],
28 silly audit   'math-intrinsics': [ '1.1.0' ],
28 silly audit   md5: [ '2.3.0' ],
28 silly audit   'md5.js': [ '1.3.5' ],
28 silly audit   'mdn-data': [ '2.0.14' ],
28 silly audit   'media-typer': [ '0.3.0' ],
28 silly audit   memfs: [ '3.5.3' ],
28 silly audit   'merge-descriptors': [ '1.0.3' ],
28 silly audit   'merge-stream': [ '2.0.0' ],
28 silly audit   merge2: [ '1.4.1' ],
28 silly audit   methods: [ '1.1.2' ],
28 silly audit   micromatch: [ '4.0.8' ],
28 silly audit   'miller-rabin': [ '4.0.1' ],
28 silly audit   mime: [ '1.6.0' ],
28 silly audit   'mime-db': [ '1.52.0', '1.54.0' ],
28 silly audit   'mime-types': [ '2.1.35' ],
28 silly audit   'mimic-fn': [ '2.1.0' ],
28 silly audit   'mini-css-extract-plugin': [ '1.6.2' ],
28 silly audit   'minimalistic-assert': [ '1.0.1' ],
28 silly audit   'minimalistic-crypto-utils': [ '1.0.1' ],
28 silly audit   minimatch: [ '3.1.5' ],
28 silly audit   minimist: [ '1.2.8' ],
28 silly audit   moment: [ '2.30.1' ],
28 silly audit   'moment-timezone': [ '0.5.48' ],
28 silly audit   'multicast-dns': [ '7.2.5' ],
28 silly audit   mz: [ '2.7.0' ],
28 silly audit   nanoid: [ '3.3.12' ],
28 silly audit   'neo-async': [ '2.6.2' ],
28 silly audit   'no-case': [ '3.0.4' ],
28 silly audit   'node-forge': [ '1.4.0' ],
28 silly audit   'node-libs-browser': [ '2.2.1' ],
28 silly audit   'node-notifier': [ '9.0.1' ],
28 silly audit   'node-releases': [ '2.0.46' ],
28 silly audit   'normalize-path': [ '3.0.0' ],
28 silly audit   'normalize-url': [ '6.1.0' ],
28 silly audit   'npm-run-path': [ '4.0.1' ],
28 silly audit   nprogress: [ '0.2.0' ],
28 silly audit   'nth-check': [ '2.1.1' ],
28 silly audit   'object-assign': [ '4.1.1' ],
28 silly audit   'object-hash': [ '3.0.0' ],
28 silly audit   'object-inspect': [ '1.13.4' ],
28 silly audit   'object-keys': [ '1.1.1' ],
28 silly audit   'object.assign': [ '4.1.7' ],
28 silly audit   obuf: [ '1.1.2' ],
28 silly audit   'on-finished': [ '2.4.1' ],
28 silly audit   'on-headers': [ '1.1.0' ],
28 silly audit   once: [ '1.4.0' ],
28 silly audit   onetime: [ '5.1.2' ],
28 silly audit   open: [ '8.4.2' ],
28 silly audit   'os-browserify': [ '0.3.0' ],
28 silly audit   'p-limit': [ '2.3.0' ],
28 silly audit   'p-locate': [ '4.1.0' ],
28 silly audit   'p-pipe': [ '3.1.0' ],
28 silly audit   'p-retry': [ '4.6.2' ],
28 silly audit   'p-try': [ '2.2.0' ],
28 silly audit   pako: [ '1.0.11' ],
28 silly audit   'param-case': [ '3.0.4' ],
28 silly audit   'parent-module': [ '1.0.1' ],
28 silly audit   'parse-asn1': [ '5.1.9' ],
28 silly audit   'parse-json': [ '5.2.0' ],
28 silly audit   parseurl: [ '1.3.3' ],
28 silly audit   'pascal-case': [ '3.1.2' ],
28 silly audit   'path-browserify': [ '0.0.1' ],
28 silly audit   'path-exists': [ '4.0.0' ],
28 silly audit   'path-is-absolute': [ '1.0.1' ],
28 silly audit   'path-key': [ '3.1.1' ],
28 silly audit   'path-parse': [ '1.0.7' ],
28 silly audit   'path-to-regexp': [ '0.1.13' ],
28 silly audit   'path-type': [ '4.0.0' ],
28 silly audit   pbkdf2: [ '3.1.6' ],
28 silly audit   picocolors: [ '1.1.1' ],
28 silly audit   picomatch: [ '2.3.2', '4.0.4' ],
28 silly audit   pify: [ '2.3.0' ],
28 silly audit   pirates: [ '4.0.7' ],
28 silly audit   'pkg-dir': [ '4.2.0' ],
28 silly audit   'possible-typed-array-names': [ '1.1.0' ],
28 silly audit   postcss: [ '8.5.15' ],
28 silly audit   'postcss-calc': [ '8.2.4' ],
28 silly audit   'postcss-colormin': [ '5.3.1' ],
28 silly audit   'postcss-convert-values': [ '5.1.3' ],
28 silly audit   'postcss-discard-comments': [ '5.1.2' ],
28 silly audit   'postcss-discard-duplicates': [ '5.1.0' ],
28 silly audit   'postcss-discard-empty': [ '5.1.1' ],
28 silly audit   'postcss-discard-overridden': [ '5.1.0' ],
28 silly audit   'postcss-import': [ '15.1.0' ],
28 silly audit   'postcss-js': [ '4.1.0' ],
28 silly audit   'postcss-load-config': [ '3.1.4', '6.0.1' ],
28 silly audit   'postcss-loader': [ '6.2.1' ],
28 silly audit   'postcss-merge-longhand': [ '5.1.7' ],
28 silly audit   'postcss-merge-rules': [ '5.1.4' ],
28 silly audit   'postcss-minify-font-values': [ '5.1.0' ],
28 silly audit   'postcss-minify-gradients': [ '5.1.1' ],
28 silly audit   'postcss-minify-params': [ '5.1.4' ],
28 silly audit   'postcss-minify-selectors': [ '5.2.1' ],
28 silly audit   'postcss-modules-extract-imports': [ '3.1.0' ],
28 silly audit   'postcss-modules-local-by-default': [ '4.2.0' ],
28 silly audit   'postcss-selector-parser': [ '7.1.1', '6.1.2' ],
28 silly audit   'postcss-modules-scope': [ '3.2.1' ],
28 silly audit   'postcss-modules-values': [ '4.0.0' ],
28 silly audit   'postcss-nested': [ '6.2.0' ],
28 silly audit   'postcss-normalize-charset': [ '5.1.0' ],
28 silly audit   'postcss-normalize-display-values': [ '5.1.0' ],
28 silly audit   'postcss-normalize-positions': [ '5.1.1' ],
28 silly audit   'postcss-normalize-repeat-style': [ '5.1.1' ],
28 silly audit   'postcss-normalize-string': [ '5.1.0' ],
28 silly audit   'postcss-normalize-timing-functions': [ '5.1.0' ],
28 silly audit   'postcss-normalize-unicode': [ '5.1.1' ],
28 silly audit   'postcss-normalize-url': [ '5.1.0' ],
28 silly audit   'postcss-normalize-whitespace': [ '5.1.1' ],
28 silly audit   'postcss-ordered-values': [ '5.1.3' ],
28 silly audit   'postcss-reduce-initial': [ '5.1.2' ],
28 silly audit   'postcss-reduce-transforms': [ '5.1.0' ],
28 silly audit   'postcss-svgo': [ '5.1.0' ],
28 silly audit   'postcss-unique-selectors': [ '5.1.1' ],
28 silly audit   'postcss-value-parser': [ '4.2.0' ],
28 silly audit   'pretty-time': [ '1.1.0' ],
28 silly audit   process: [ '0.11.10' ],
28 silly audit   'process-nextick-args': [ '2.0.1' ],
28 silly audit   'prop-types': [ '15.8.1' ],
28 silly audit   'proxy-addr': [ '2.0.7' ],
28 silly audit   'proxy-from-env': [ '2.1.0' ],
28 silly audit   'public-encrypt': [ '4.0.3' ],
28 silly audit   punycode: [ '1.4.1', '2.3.1' ],
28 silly audit   qs: [ '6.15.2' ],
28 silly audit   'querystring-es3': [ '0.2.1' ],
28 silly audit   'queue-microtask': [ '1.2.3' ],
28 silly audit   randombytes: [ '2.1.0' ],
28 silly audit   randomfill: [ '1.0.4' ],
28 silly audit   'range-parser': [ '1.2.1' ],
28 silly audit   'raw-body': [ '2.5.3' ],
28 silly audit   react: [ '18.3.1' ],
28 silly audit   'react-async-script': [ '1.2.0' ],
28 silly audit   'react-chartjs-2': [ '5.3.1' ],
28 silly audit   'react-dom': [ '18.3.1' ],
28 silly audit   'react-google-recaptcha': [ '3.1.0' ],
28 silly audit   'react-is': [ '16.13.1' ],
28 silly audit   'react-lifecycles-compat': [ '3.0.4' ],
28 silly audit   'react-modal': [ '3.16.3' ],
28 silly audit   'react-refresh': [ '0.17.0' ],
28 silly audit   'read-cache': [ '1.0.0' ],
28 silly audit   'readable-stream': [ '2.3.8', '3.6.2' ],
28 silly audit   'safe-buffer': [ '5.1.2', '5.2.1' ],
28 silly audit   string_decoder: [ '1.1.1', '1.3.0' ],
28 silly audit   readdirp: [ '3.6.0' ],
28 silly audit   rechoir: [ '0.7.1' ],
28 silly audit   regenerate: [ '1.4.2' ],
28 silly audit   'regenerate-unicode-properties': [ '10.2.2' ],
28 silly audit   'regexpu-core': [ '6.4.0' ],
28 silly audit   regjsgen: [ '0.8.0' ],
28 silly audit   regjsparser: [ '0.13.1' ],
28 silly audit   relateurl: [ '0.2.7' ],
28 silly audit   'replace-ext': [ '1.0.1' ],
28 silly audit   'require-directory': [ '2.1.1' ],
28 silly audit   'require-from-string': [ '2.0.2' ],
28 silly audit   'requires-port': [ '1.0.0' ],
28 silly audit   resolve: [ '1.22.12' ],
28 silly audit   'resolve-cwd': [ '3.0.0' ],
28 silly audit   'resolve-from': [ '5.0.0', '4.0.0' ],
28 silly audit   retry: [ '0.13.1' ],
28 silly audit   reusify: [ '1.1.0' ],
28 silly audit   rimraf: [ '3.0.2' ],
28 silly audit   ripemd160: [ '2.0.3' ],
28 silly audit   'run-parallel': [ '1.2.0' ],
28 silly audit   'safer-buffer': [ '2.1.2' ],
28 silly audit   sax: [ '1.6.0' ],
28 silly audit   scheduler: [ '0.23.2' ],
28 silly audit   'select-hose': [ '2.0.0' ],
28 silly audit   selfsigned: [ '2.4.1' ],
28 silly audit   send: [ '0.19.2' ],
28 silly audit   'serve-index': [ '1.9.2' ],
28 silly audit   statuses: [ '1.5.0', '2.0.2' ],
28 silly audit   'serve-static': [ '1.16.3' ],
28 silly audit   'set-function-length': [ '1.2.2' ],
28 silly audit   setimmediate: [ '1.0.5' ],
28 silly audit   setprototypeof: [ '1.2.0' ],
28 silly audit   'sha.js': [ '2.4.12' ],
28 silly audit   'shallow-clone': [ '3.0.1' ],
28 silly audit   'shebang-command': [ '2.0.0' ],
28 silly audit   'shebang-regex': [ '3.0.0' ],
28 silly audit   'shell-quote': [ '1.8.4' ],
28 silly audit   shellwords: [ '0.1.1' ],
28 silly audit   'side-channel': [ '1.1.0' ],
28 silly audit   'side-channel-list': [ '1.0.1' ],
28 silly audit   'side-channel-map': [ '1.0.1' ],
28 silly audit   'side-channel-weakmap': [ '1.0.2' ],
28 silly audit   'signal-exit': [ '3.0.7' ],
28 silly audit   slash: [ '3.0.0' ],
28 silly audit   'slick-carousel': [ '1.8.1' ],
28 silly audit   'socket.io-client': [ '4.8.3' ],
28 silly audit   'socket.io-parser': [ '4.2.6' ],
28 silly audit   sockjs: [ '0.3.24' ],
28 silly audit   'sode-extend-react': [ '1.2.11' ],
28 silly audit   sonner: [ '2.0.7' ],
28 silly audit   'source-list-map': [ '2.0.1' ],
28 silly audit   'source-map': [ '0.6.1' ],
28 silly audit   'source-map-js': [ '1.2.1' ],
28 silly audit   'source-map-support': [ '0.5.21' ],
28 silly audit   spdy: [ '4.0.2' ],
28 silly audit   'spdy-transport': [ '3.0.0' ],
28 silly audit   stable: [ '0.1.8' ],
28 silly audit   'std-env': [ '3.10.0' ],
28 silly audit   'stream-browserify': [ '2.0.2' ],
28 silly audit   'stream-http': [ '2.8.3' ],
28 silly audit   'string-similarity': [ '4.0.4' ],
28 silly audit   'string-width': [ '4.2.3' ],
28 silly audit   'strip-ansi': [ '6.0.1' ],
28 silly audit   'strip-final-newline': [ '2.0.0' ],
28 silly audit   'style-loader': [ '2.0.0' ],
28 silly audit   stylehacks: [ '5.1.1' ],
28 silly audit   sucrase: [ '3.35.1' ],
28 silly audit   'supports-preserve-symlinks-flag': [ '1.0.0' ],
28 silly audit   svgo: [ '2.8.2' ],
28 silly audit   sweetalert2: [ '11.26.25' ],
28 silly audit   swiper: [ '11.2.10' ],
28 silly audit   tailwindcss: [ '3.4.19' ],
28 silly audit   'tailwindcss-animated': [ '1.1.2' ],
28 silly audit   tapable: [ '2.3.3' ],
28 silly audit   'terser-webpack-plugin': [ '5.6.1' ],
28 silly audit   thenify: [ '3.3.1' ],
28 silly audit   'thenify-all': [ '1.6.0' ],
28 silly audit   thunky: [ '1.1.0' ],
28 silly audit   'timers-browserify': [ '2.0.12' ],
28 silly audit   tinyglobby: [ '0.2.17' ],
28 silly audit   fdir: [ '6.5.0' ],
28 silly audit   'tippy.js': [ '6.3.7' ],
28 silly audit   'to-arraybuffer': [ '1.0.1' ],
28 silly audit   'to-buffer': [ '1.2.2' ],
28 silly audit   'to-regex-range': [ '5.0.1' ],
28 silly audit   toidentifier: [ '1.0.1' ],
28 silly audit   'ts-interface-checker': [ '0.1.13' ],
28 silly audit   tslib: [ '2.8.1' ],
28 silly audit   'tty-browserify': [ '0.0.0' ],
28 silly audit   'type-is': [ '1.6.18' ],
28 silly audit   'typed-array-buffer': [ '1.0.3' ],
28 silly audit   'undici-types': [ '7.24.6' ],
28 silly audit   'unicode-canonical-property-names-ecmascript': [ '2.0.1' ],
28 silly audit   'unicode-match-property-ecmascript': [ '2.0.0' ],
28 silly audit   'unicode-match-property-value-ecmascript': [ '2.2.1' ],
28 silly audit   'unicode-property-aliases-ecmascript': [ '2.2.0' ],
28 silly audit   universalify: [ '2.0.1' ],
28 silly audit   unpipe: [ '1.0.0' ],
28 silly audit   'update-browserslist-db': [ '1.2.3' ],
28 silly audit   'uri-js': [ '4.4.1' ],
28 silly audit   url: [ '0.11.4' ],
28 silly audit   'util-deprecate': [ '1.0.2' ],
28 silly audit   'utils-merge': [ '1.0.1' ],
28 silly audit   uuid: [ '8.3.2' ],
28 silly audit   vary: [ '1.1.2' ],
28 silly audit   vite: [ '5.4.21' ],
28 silly audit   'vite-plugin-full-reload': [ '1.2.0' ],
28 silly audit   'vm-browserify': [ '1.1.2' ],
28 silly audit   'vue-style-loader': [ '4.1.3' ],
28 silly audit   warning: [ '4.0.3' ],
28 silly audit   watchpack: [ '2.5.1' ],
28 silly audit   wbuf: [ '1.7.3' ],
28 silly audit   webpack: [ '5.107.2' ],
28 silly audit   'webpack-cli': [ '4.10.0' ],
28 silly audit   'webpack-dev-middleware': [ '5.3.4' ],
28 silly audit   'webpack-dev-server': [ '4.15.2' ],
28 silly audit   'webpack-merge': [ '5.10.0' ],
28 silly audit   'webpack-notifier': [ '1.15.0' ],
28 silly audit   'webpack-sources': [ '1.4.3', '3.5.0' ],
28 silly audit   webpackbar: [ '5.0.2' ],
28 silly audit   'websocket-driver': [ '0.7.4' ],
28 silly audit   'websocket-extensions': [ '0.1.4' ],
28 silly audit   which: [ '2.0.2' ],
28 silly audit   'which-typed-array': [ '1.1.21' ],
28 silly audit   wildcard: [ '2.0.1' ],
28 silly audit   'wrap-ansi': [ '7.0.0' ],
28 silly audit   wrappy: [ '1.0.2' ],
28 silly audit   ws: [ '8.20.1' ],
28 silly audit   'xmlhttprequest-ssl': [ '2.1.2' ],
28 silly audit   xtend: [ '4.0.2' ],
28 silly audit   y18n: [ '5.0.8' ],
28 silly audit   yallist: [ '3.1.1' ],
28 silly audit   yaml: [ '1.10.3' ],
28 silly audit   yargs: [ '17.7.2' ],
28 silly audit   'yargs-parser': [ '21.1.1' ]
28 silly audit }
29 http fetch POST 200 https://registry.npmjs.org/-/npm/v1/security/advisories/bulk 193ms
30 silly audit report {
30 silly audit report   elliptic: [
30 silly audit report     {
30 silly audit report       id: 1112030,
30 silly audit report       url: 'https://github.com/advisories/GHSA-848j-6mx2-7j84',
30 silly audit report       title: 'Elliptic Uses a Cryptographic Primitive with a Risky Implementation',
30 silly audit report       severity: 'low',
30 silly audit report       vulnerable_versions: '<=6.6.1',
30 silly audit report       cwe: [Array],
30 silly audit report       cvss: [Object]
30 silly audit report     }
30 silly audit report   ],
30 silly audit report   esbuild: [
30 silly audit report     {
30 silly audit report       id: 1102341,
30 silly audit report       url: 'https://github.com/advisories/GHSA-67mh-4wv8-2f99',
30 silly audit report       title: 'esbuild enables any website to send any requests to the development server and read the response',
30 silly audit report       severity: 'moderate',
30 silly audit report       vulnerable_versions: '<=0.24.2',
30 silly audit report       cwe: [Array],
30 silly audit report       cvss: [Object]
30 silly audit report     }
30 silly audit report   ],
30 silly audit report   swiper: [
30 silly audit report     {
30 silly audit report       id: 1113431,
30 silly audit report       url: 'https://github.com/advisories/GHSA-hmx5-qpq5-p643',
30 silly audit report       title: 'Prototype pollution in swiper',
30 silly audit report       severity: 'critical',
30 silly audit report       vulnerable_versions: '>=6.5.1 <12.1.2',
30 silly audit report       cwe: [Array],
30 silly audit report       cvss: [Object]
30 silly audit report     }
30 silly audit report   ],
30 silly audit report   uuid: [
30 silly audit report     {
30 silly audit report       id: 1119441,
30 silly audit report       url: 'https://github.com/advisories/GHSA-w5hq-g745-h8pq',
30 silly audit report       title: 'uuid: Missing buffer bounds check in v3/v5/v6 when buf is provided',
30 silly audit report       severity: 'moderate',
30 silly audit report       vulnerable_versions: '<11.1.1',
30 silly audit report       cwe: [Array],
30 silly audit report       cvss: [Object]
30 silly audit report     }
30 silly audit report   ],
30 silly audit report   vite: [
30 silly audit report     {
30 silly audit report       id: 1116229,
30 silly audit report       url: 'https://github.com/advisories/GHSA-4w7w-66w2-5vf9',
30 silly audit report       title: 'Vite Vulnerable to Path Traversal in Optimized Deps `.map` Handling',
30 silly audit report       severity: 'moderate',
30 silly audit report       vulnerable_versions: '<=6.4.1',
30 silly audit report       cwe: [Array],
30 silly audit report       cvss: [Object]
30 silly audit report     }
30 silly audit report   ],
30 silly audit report   'webpack-dev-server': [
30 silly audit report     {
30 silly audit report       id: 1108429,
30 silly audit report       url: 'https://github.com/advisories/GHSA-9jgg-88mc-972h',
30 silly audit report       title: "webpack-dev-server users' source code may be stolen when they access a malicious web site with non-Chromium based browser",
30 silly audit report       severity: 'moderate',
30 silly audit report       vulnerable_versions: '<=5.2.0',
30 silly audit report       cwe: [Array],
30 silly audit report       cvss: [Object]
30 silly audit report     },
30 silly audit report     {
30 silly audit report       id: 1108430,
30 silly audit report       url: 'https://github.com/advisories/GHSA-4v9v-hfq4-rm2v',
30 silly audit report       title: "webpack-dev-server users' source code may be stolen when they access a malicious web site",
30 silly audit report       severity: 'moderate',
30 silly audit report       vulnerable_versions: '<=5.2.0',
30 silly audit report       cwe: [Array],
30 silly audit report       cvss: [Object]
30 silly audit report     },
30 silly audit report     {
30 silly audit report       id: 1119074,
30 silly audit report       url: 'https://github.com/advisories/GHSA-79cf-xcqc-c78w',
30 silly audit report       title: 'webpack-dev-server vulnerable to cross-origin source code exposure on non-HTTPS origins',
30 silly audit report       severity: 'moderate',
30 silly audit report       vulnerable_versions: '<=5.2.3',
30 silly audit report       cwe: [Array],
30 silly audit report       cvss: [Object]
30 silly audit report     }
30 silly audit report   ]
30 silly audit report }
31 silly packumentCache corgi:https://registry.npmjs.org/elliptic cache-miss
32 silly packumentCache corgi:https://registry.npmjs.org/esbuild cache-miss
33 silly packumentCache corgi:https://registry.npmjs.org/swiper cache-miss
34 silly packumentCache corgi:https://registry.npmjs.org/uuid cache-miss
35 silly packumentCache corgi:https://registry.npmjs.org/vite cache-miss
36 silly packumentCache corgi:https://registry.npmjs.org/webpack-dev-server cache-miss
37 http fetch GET 200 https://registry.npmjs.org/elliptic 106ms (cache revalidated)
38 silly packumentCache corgi:https://registry.npmjs.org/elliptic set size:67039 disposed:false
39 http fetch GET 200 https://registry.npmjs.org/swiper 116ms (cache revalidated)
40 silly packumentCache corgi:https://registry.npmjs.org/swiper set size:497334 disposed:false
41 http fetch GET 200 https://registry.npmjs.org/@rollup/wasm-node/-/wasm-node-4.61.0.tgz 359ms (cache revalidated)
42 http fetch GET 200 https://registry.npmjs.org/esbuild 349ms (cache revalidated)
43 silly packumentCache corgi:https://registry.npmjs.org/esbuild set size:885757 disposed:false
44 http fetch GET 200 https://registry.npmjs.org/webpack-dev-server 354ms (cache revalidated)
45 silly packumentCache corgi:https://registry.npmjs.org/webpack-dev-server set size:461568 disposed:false
46 http fetch GET 200 https://registry.npmjs.org/vite 367ms (cache revalidated)
47 silly packumentCache corgi:https://registry.npmjs.org/vite set size:2261551 disposed:false
48 http fetch GET 200 https://registry.npmjs.org/uuid 758ms (cache revalidated)
49 silly packumentCache corgi:https://registry.npmjs.org/uuid set size:81812 disposed:false
50 silly packumentCache corgi:https://registry.npmjs.org/browserify-sign cache-miss
51 silly packumentCache corgi:https://registry.npmjs.org/create-ecdh cache-miss
52 http fetch GET 200 https://registry.npmjs.org/create-ecdh 105ms (cache revalidated)
53 silly packumentCache corgi:https://registry.npmjs.org/create-ecdh set size:10688 disposed:false
54 http fetch GET 200 https://registry.npmjs.org/browserify-sign 185ms (cache revalidated)
55 silly packumentCache corgi:https://registry.npmjs.org/browserify-sign set size:29180 disposed:false
56 silly packumentCache corgi:https://registry.npmjs.org/node-notifier cache-miss
57 silly packumentCache corgi:https://registry.npmjs.org/sockjs cache-miss
58 http fetch GET 200 https://registry.npmjs.org/sockjs 97ms (cache revalidated)
59 silly packumentCache corgi:https://registry.npmjs.org/sockjs set size:25891 disposed:false
60 http fetch GET 200 https://registry.npmjs.org/node-notifier 239ms (cache revalidated)
61 silly packumentCache corgi:https://registry.npmjs.org/node-notifier set size:73270 disposed:false
62 silly packumentCache corgi:https://registry.npmjs.org/@vitejs%2fplugin-react cache-miss
63 silly packumentCache corgi:https://registry.npmjs.org/laravel-vite-plugin cache-miss
64 http fetch GET 200 https://registry.npmjs.org/laravel-vite-plugin 116ms (cache revalidated)
65 silly packumentCache corgi:https://registry.npmjs.org/laravel-vite-plugin set size:66623 disposed:false
66 http fetch GET 200 https://registry.npmjs.org/@vitejs%2fplugin-react 127ms (cache revalidated)
67 silly packumentCache corgi:https://registry.npmjs.org/@vitejs%2fplugin-react set size:113751 disposed:false
68 silly packumentCache corgi:https://registry.npmjs.org/laravel-mix cache-miss
69 http fetch GET 200 https://registry.npmjs.org/laravel-mix 119ms (cache revalidated)
70 silly packumentCache corgi:https://registry.npmjs.org/laravel-mix set size:545216 disposed:false
71 silly packumentCache corgi:https://registry.npmjs.org/crypto-browserify cache-miss
72 http fetch GET 200 https://registry.npmjs.org/crypto-browserify 93ms (cache revalidated)
73 silly packumentCache corgi:https://registry.npmjs.org/crypto-browserify set size:52098 disposed:false
74 silly packumentCache corgi:https://registry.npmjs.org/webpack-notifier cache-miss
75 http fetch GET 200 https://registry.npmjs.org/webpack-notifier 202ms (cache revalidated)
76 silly packumentCache corgi:https://registry.npmjs.org/webpack-notifier set size:29010 disposed:false
77 silly packumentCache corgi:https://registry.npmjs.org/node-libs-browser cache-miss
78 http fetch GET 200 https://registry.npmjs.org/node-libs-browser 405ms (cache revalidated)
79 silly packumentCache corgi:https://registry.npmjs.org/node-libs-browser set size:26936 disposed:false
80 silly CHANGE node_modules/rollup
81 silly REMOVE node_modules/@rollup/rollup-win32-x64-msvc
82 silly REMOVE node_modules/@rollup/rollup-win32-x64-gnu
83 verbose cwd C:\Users\user\Documents\JOSE VISUAL STUDIO\PROYECTOS CARLOS\tuboplast
84 verbose os Windows_NT 10.0.26200
85 verbose node v24.14.1
86 verbose npm  v11.11.0
87 verbose exit 0
88 info ok
